\BOOKMARK [1][-]{section.1}{\376\377\137\025\212\000}{}% 1
\BOOKMARK [2][-]{subsection.1.1}{\376\377\170\024\172\166\200\314\146\157\116\016\225\356\230\230\133\232\116\111}{section.1}% 2
\BOOKMARK [2][-]{subsection.1.2}{\376\377\174\373\176\337\227\142\116\064\166\204\121\163\225\056\142\200\147\057\143\021\142\030}{section.1}% 3
\BOOKMARK [2][-]{subsection.1.3}{\376\377\147\054\145\207\166\204\142\200\147\057\215\357\176\277\116\016\150\070\137\303\215\041\163\056}{section.1}% 4
\BOOKMARK [1][-]{section.2}{\376\377\126\375\121\205\131\026\170\024\172\166\163\260\162\266}{}% 5
\BOOKMARK [2][-]{subsection.2.1}{\376\377\201\352\122\250\213\355\227\363\213\306\122\053\142\200\147\057\157\024\217\333}{section.2}% 6
\BOOKMARK [3][-]{subsubsection.2.1.1}{\376\377\126\375\226\105\170\024\172\166\217\333\134\125}{subsection.2.1}% 7
\BOOKMARK [3][-]{subsubsection.2.1.2}{\376\377\126\375\121\205\170\024\172\166\217\333\134\125}{subsection.2.1}% 8
\BOOKMARK [2][-]{subsection.2.2}{\376\377\213\364\213\335\116\272\122\006\122\162\200\132\174\173\142\200\147\057\157\024\217\333}{section.2}% 9
\BOOKMARK [3][-]{subsubsection.2.2.1}{\376\377\126\375\226\105\170\024\172\166\217\333\134\125}{subsection.2.2}% 10
\BOOKMARK [3][-]{subsubsection.2.2.2}{\376\377\126\375\121\205\170\024\172\166\217\333\134\125}{subsection.2.2}% 11
\BOOKMARK [2][-]{subsection.2.3}{\376\377\000L\000L\000M\217\205\122\251\213\355\227\363\124\016\131\004\164\006}{section.2}% 12
\BOOKMARK [3][-]{subsubsection.2.3.1}{\376\377\126\375\226\105\170\024\172\166\217\333\134\125}{subsection.2.3}% 13
\BOOKMARK [3][-]{subsubsection.2.3.2}{\376\377\126\375\121\205\170\024\172\166\217\333\134\125}{subsection.2.3}% 14
\BOOKMARK [2][-]{subsection.2.4}{\376\377\145\207\147\054\135\114\121\145\116\016\215\350\152\041\140\001\150\300\175\042}{section.2}% 15
\BOOKMARK [2][-]{subsection.2.5}{\376\377\227\363\230\221\122\115\172\357\227\363\156\220\122\006\171\273}{section.2}% 16
\BOOKMARK [2][-]{subsection.2.6}{\376\377\147\054\202\202\134\017\176\323}{section.2}% 17
\BOOKMARK [1][-]{section.3}{\376\377\174\373\176\337\213\276\213\241}{}% 18
\BOOKMARK [2][-]{subsection.3.1}{\376\377\140\073\117\123\147\266\147\204}{section.3}% 19
\BOOKMARK [2][-]{subsection.3.2}{\376\377\150\070\137\303\213\276\213\241\123\237\122\031}{section.3}% 20
\BOOKMARK [2][-]{subsection.3.3}{\376\377\135\345\172\013\133\236\163\260\166\204\121\163\225\056\143\021\142\030\116\016\211\343\121\263\145\271\150\110}{section.3}% 21
\BOOKMARK [1][-]{section.4}{\376\377\121\163\225\056\142\200\147\057\145\271\150\110}{}% 22
\BOOKMARK [2][-]{subsection.4.1}{\376\377\213\355\227\363\155\073\122\250\150\300\155\113\377\010\000V\000A\000D\377\011\133\371\237\120}{section.4}% 23
\BOOKMARK [2][-]{subsection.4.2}{\376\377\172\357\122\060\172\357\213\364\213\335\116\272\122\006\171\273\173\241\176\277}{section.4}% 24
\BOOKMARK [2][-]{subsection.4.3}{\376\377\213\355\227\363\213\306\122\053\116\016\000N\000-\000b\000e\000s\000t\120\031\220\011\165\037\142\020}{section.4}% 25
\BOOKMARK [2][-]{subsection.4.4}{\376\377\176\337\116\000\000L\000L\000M\213\355\116\111\124\016\131\004\164\006\147\266\147\204}{section.4}% 26
\BOOKMARK [3][-]{subsubsection.4.4.1}{\376\377\0005\000a\134\102\377\032\116\012\116\013\145\207\232\161\122\250\166\204\000A\000S\000R\176\240\225\031}{subsection.4.4}% 27
\BOOKMARK [3][-]{subsubsection.4.4.2}{\376\377\0005\000b\134\102\377\032\213\364\213\335\116\272\116\000\201\364\140\047\116\244\123\311\232\214\213\301}{subsection.4.4}% 28
\BOOKMARK [3][-]{subsubsection.4.4.3}{\376\377\0005\000c\134\102\377\032\0001\0002\174\173\133\371\213\335\210\114\116\072\141\017\126\376\150\007\154\350}{subsection.4.4}% 29
\BOOKMARK [2][-]{subsection.4.5}{\376\377\000B\000G\000E\000-\000M\0003\123\314\152\041\150\300\175\042\177\026\170\001\126\150}{section.4}% 30
\BOOKMARK [3][-]{subsubsection.4.5.1}{\376\377\172\040\133\306\124\021\221\317\177\026\170\001}{subsection.4.5}% 31
\BOOKMARK [3][-]{subsubsection.4.5.2}{\376\377\172\000\165\217\213\315\147\103\221\315\116\016\213\315\154\325\123\071\221\115}{subsection.4.5}% 32
\BOOKMARK [2][-]{subsection.4.6}{\376\377\116\224\176\364\137\002\147\204\131\015\124\010\150\300\175\042\116\016\000R\000R\000F\207\215\124\010}{section.4}% 33
\BOOKMARK [1][-]{section.5}{\376\377\133\236\232\214\213\276\213\241}{}% 34
\BOOKMARK [2][-]{subsection.5.1}{\376\377\145\160\143\156\226\306}{section.5}% 35
\BOOKMARK [2][-]{subsection.5.2}{\376\377\213\304\117\060\143\007\150\007}{section.5}% 36
\BOOKMARK [2][-]{subsection.5.3}{\376\377\133\236\232\214\221\115\177\156}{section.5}% 37
\BOOKMARK [1][-]{section.6}{\376\377\133\236\232\214\176\323\147\234\116\016\122\006\147\220}{}% 38
\BOOKMARK [2][-]{subsection.6.1}{\376\377\213\364\213\335\116\272\122\006\171\273\140\047\200\375}{section.6}% 39
\BOOKMARK [2][-]{subsection.6.2}{\376\377\213\355\227\363\213\306\122\053}{section.6}% 40
\BOOKMARK [2][-]{subsection.6.3}{\376\377\173\241\176\277\145\366\136\217\122\006\147\220}{section.6}% 41
\BOOKMARK [2][-]{subsection.6.4}{\376\377\150\300\175\042\174\373\176\337\140\047\200\375}{section.6}% 42
\BOOKMARK [2][-]{subsection.6.5}{\376\377\133\232\140\047\122\237\200\375\232\214\213\301}{section.6}% 43
\BOOKMARK [1][-]{section.7}{\376\377\213\250\213\272}{}% 44
\BOOKMARK [2][-]{subsection.7.1}{\376\377\170\024\172\166\123\321\163\260\166\204\141\017\116\111}{section.7}% 45
\BOOKMARK [2][-]{subsection.7.2}{\376\377\134\100\226\120\140\047\116\016\145\071\217\333\145\271\124\021}{section.7}% 46
\BOOKMARK [2][-]{subsection.7.3}{\376\377\147\052\147\145\135\345\117\134\134\125\147\033}{section.7}% 47
\BOOKMARK [1][-]{section.8}{\376\377\176\323\213\272}{}% 48
